
> barber-demo@0.0.1 build
> astro build

[2m23:43:59[22m [34m[content][39m Syncing content
[2m23:43:59[22m [34m[content][39m Synced content
[2m23:43:59[22m [34m[types][39m Generated [2m509ms[22m
[2m23:43:59[22m [34m[build][39m output: [34m"static"[39m
[2m23:43:59[22m [34m[build][39m mode: [34m"static"[39m
[2m23:43:59[22m [34m[build][39m directory: [34mC:\Users\david\OneDrive\Projects\BUSINESS\barber-demo\dist\[39m
[2m23:43:59[22m [34m[build][39m Collecting build info...
[2m23:43:59[22m [34m[build][39m [32mΓ£ô Completed in 615ms.[39m
[2m23:43:59[22m [34m[build][39m Building static entrypoints...
node.exe : [31m[1m2
3:44:00[22m [ERROR] 
[vite][39m [31mΓ£ù
[39m Build failed in 
594ms
At C:\Program Files\n
odejs\npm.ps1:29 char
:3
+   & $NODE_EXE $NPM_
CLI_JS $args
+   ~~~~~~~~~~~~~~~~~
~~~~~~~~~~~~
    + CategoryInfo   
           : NotSpe  
  cified: ([31m[   
 1m23:44:...faile    
d in 594ms:Strin    g
) [], RemoteExc    ep
tion
    + FullyQualified 
   ErrorId : Native  
  CommandError
 
Could not resolve "..
/components/LandingPa
ge.astro" from "src/p
ages/en/index.astro"
file: C:/Users/david/
OneDrive/Projects/BUS
INESS/barber-demo/src
/pages/en/index.astro
  [1mStack trace:[2
2m
[2m    at getRollupE
rror (file:///C:/User
s/david/OneDrive/Proj
ects/BUSINESS/barber-
demo/node_modules/rol
lup/dist/es/shared/pa
rseAst.js:402:41)
    at ModuleLoader.h
andleInvalidResolvedI
d (file:///C:/Users/d
avid/OneDrive/Project
s/BUSINESS/barber-dem
o/node_modules/rollup
/dist/es/shared/node-
entry.js:21687:24)[2
2m
